// Jest Snapshot v1, https://goo.gl/fbAQLP

exports[`Snapshot of initial page 1`] = `
"<div id="mainTerminal">
  <form name="form_Digits"><input class="form-control" name="input_Digits" type="number" value=""></form><button class="btn btn-primary" id="startPractice" type="button" disabled="">start practice </button>
  <p>Length of number:</p>
  <form name="form_NumLen"><input class="form-control" name="input_NumLen" type="number" value="2"></form>
  <p>Number of reps:</p>
  <form name="form_RepCount"><input class="form-control" name="input_RepCount" type="number" value="2"></form><button class="btn btn-primary" id="saveSettings" type="button" disabled="">Save Settings</button>
  <form><label for="dataStorageSelector">Save and Load to </label><select class="form-select" name="dataStorageSelector" id="dataStorageSelector">
      <option value="Dropbox">Dropbox</option>
      <option value="Browser Storage">Browser Storage</option>
      <option value="Digit Span Practice Server">Digit Span Practice Server</option>
    </select></form>
  <div id="dropboxLine"><button class="btn btn-primary" id="setUpDropbox" type="button">Set up Dropbox Storage</button>
    <div>Trying to load performance data from Dropbox</div>
  </div>
  <div id="errorConsole"></div>
  <form><label for="categorySelect">Switch to category: </label><select class="form-select" name="categorySelect" id="categorySelect">
      <option value="None">None</option>
    </select></form>
  <form><label for="fname">Add trail category: </label><input class="form-control" type="text" id="fname" name="fname"><input class="btn btn-primary" type="submit" value="Add"></form>
  <form><label for="categoryRemove">Remove category: </label><select class="form-select" name="categoryRemove" id="categoryRemove"></select><input class="btn btn-primary" type="submit" value="remove"></form><a href="#/about">About this task</a>
</div>
<div id="scoreChart">
  <div id="chartsArea">
    <div id="detailed-chart"></div>
    <div id="overview-chart"></div>
    <form><label for="displaySelect">Show in graph: </label><select class="form-select" name="displaySelect" id="displaySelect">
        <option value="Average score vs Length of number">Average score vs Length of number</option>
        <option value="Success rate">Success rate</option>
      </select></form>
    <p>Showing results for all categories</p>
  </div>
</div>"
`;
